// Jest Snapshot v1, https://goo.gl/fbAQLP

exports[`SynthraV3Factory #createPool gas 1`] = `4557092`;

exports[`SynthraV3Factory factory bytecode size 1`] = `24535`;

exports[`SynthraV3Factory pool bytecode size 1`] = `22142`;
